---
source: crates/rolldown_testing/src/integration_test.rs
expression: snapshot
input_file: crates/rolldown/tests/esbuild/import_star/import_export_star_ambiguous_warning
---
# Assets

## entry_js.mjs

```js
import { default as assert } from "node:assert";

//#region foo.js
const x = 1;

//#endregion
//#region bar.js
const z = 4;

//#endregion
//#region entry.js
assert.equal(x, 1);
assert.equal(void 0, undefined);
assert.equal(z, 4);

//#endregion
```
